// Vitest Snapshot v1, https://vitest.dev/guide/snapshot.html

exports[`Data Schematic > should create a model interface 1`] = `
"export interface Foo {
  id?: unknown;
}
"
`;

exports[`Data Schematic > should create a service class 1`] = `
"import { Injectable, inject } from '@angular/core';
import {
  EntityCollectionServiceBase,
  EntityCollectionServiceElementsFactory
} from '@ngrx/data';
import { Foo } from './foo';

@Injectable({ providedIn: 'root' })
export class FooService extends EntityCollectionServiceBase<Foo> {
  constructor() {
    super('Foo', inject(EntityCollectionServiceElementsFactory));
  }
}
"
`;

exports[`Data Schematic > should create a spec class 1`] = `
"import { TestBed } from '@angular/core/testing';
import { provideEntityData } from '@ngrx/data';
import { provideStore } from '@ngrx/store';
import { FooService } from './foo.service';

describe('FooService', () => {
  let service: FooService;

  beforeEach(() => {
    TestBed.configureTestingModule({
      providers: [
        provideStore(),
        provideEntityData({ entityMetadata: { Foo: {} } }),
      ],
    });

    service = TestBed.inject(FooService);
  });

  it('should create an instance', () => {
    expect(service).toBeTruthy();
  });
});
"
`;
